[zeelquantify.in/Zeel/index.html]
[backblue.gif]
[fade.gif]
[index.html]
[zeelquantify.in/Zeel/assets/css/gallery.css]
[zeelquantify.in/Zeel/assets/images/logotrans.png]
[zeelquantify.in/Zeel/index-2.html]
[zeelquantify.in/Zeel/assets/images/logo.png]
[zeelquantify.in/Zeel/assets/images/features-icon-1.png]
[zeelquantify.in/Zeel/assets/images/features-icon-2.png]
[zeelquantify.in/Zeel/assets/images/features-icon-3.png]
[zeelquantify.in/Zeel/assets/images/left-image.png]
[zeelquantify.in/Zeel/assets/images/about-icon-01.png]
[zeelquantify.in/Zeel/assets/images/about-icon-02.png]
[zeelquantify.in/Zeel/assets/images/about-icon-03.png]
[zeelquantify.in/Zeel/assets/images/return1.png]
[zeelquantify.in/Zeel/assets/images/return2.png]
[zeelquantify.in/Zeel/assets/images/states1.png]
[zeelquantify.in/Zeel/assets/images/testimonial-author-1.png]
[zeelquantify.in/Zeel/assets/js/jquery-2.1.0.min.js]
[zeelquantify.in/Zeel/assets/js/popper.js]
[zeelquantify.in/Zeel/assets/js/bootstrap.min.js]
[zeelquantify.in/Zeel/assets/js/owl-carousel.js]
[zeelquantify.in/Zeel/assets/js/scrollreveal.min.js]
[zeelquantify.in/Zeel/assets/js/waypoints.min.js]
[zeelquantify.in/Zeel/assets/js/jquery.counterup.min.js]
[zeelquantify.in/Zeel/assets/js/imgfix.min.js]
[zeelquantify.in/Zeel/assets/js/custom.js]
[zeelquantify.in/Zeel/index.html]
[zeelquantify.in/Zeel/assets/css/bootstrap.min.css]
[zeelquantify.in/Zeel/assets/fonts/fontawesome-webfont3e6e.eot]
[zeelquantify.in/Zeel/assets/fonts/fontawesome-webfontd41d.eot]
[zeelquantify.in/Zeel/assets/fonts/fontawesome-webfont3e6e.woff2]
[zeelquantify.in/Zeel/assets/fonts/fontawesome-webfont3e6e.woff]
[zeelquantify.in/Zeel/assets/fonts/fontawesome-webfont3e6e.ttf]
[zeelquantify.in/Zeel/assets/css/font-awesome.css]
[zeelquantify.in/Zeel/assets/images/banner-bg.png]
[zeelquantify.in/Zeel/assets/images/left-bg-decor.png]
[zeelquantify.in/Zeel/assets/images/right-bg-decor.png]
[zeelquantify.in/Zeel/assets/images/footer-bg.png]
[zeelquantify.in/Zeel/assets/css/templatemo-lava.css]
[zeelquantify.in/Zeel/assets/css/owl.video.play.26.delayed]
[zeelquantify.in/Zeel/assets/css/owl-carousel.css]
[zeelquantify.in/Zeel/assets/css/gallery.html]
[zeelquantify.in/Zeel/index-2.html]
[zeelquantify.in/Zeel/assets/fonts/fontawesome-webfont3e6e.svg]
[zeelquantify.in/Zeel/assets/css/owl.video.play.html]
